Archive member included to satisfy reference by file (symbol)

c:/st/stm32cubeide_1.4.0/stm32cubeide/plugins/com.st.stm32cube.ide.mcu.externaltools.gnu-tools-for-stm32.7-2018-q2-update.win32_1.4.0.202007081208/tools/bin/../lib/gcc/arm-none-eabi/7.3.1/../../../../arm-none-eabi/lib/thumb/v7e-m\libc_nano.a(lib_a-errno.o)
                              Src/syscalls.o (__errno)
c:/st/stm32cubeide_1.4.0/stm32cubeide/plugins/com.st.stm32cube.ide.mcu.externaltools.gnu-tools-for-stm32.7-2018-q2-update.win32_1.4.0.202007081208/tools/bin/../lib/gcc/arm-none-eabi/7.3.1/../../../../arm-none-eabi/lib/thumb/v7e-m\libc_nano.a(lib_a-exit.o)
                              c:/st/stm32cubeide_1.4.0/stm32cubeide/plugins/com.st.stm32cube.ide.mcu.externaltools.gnu-tools-for-stm32.7-2018-q2-update.win32_1.4.0.202007081208/tools/bin/../lib/gcc/arm-none-eabi/7.3.1/../../../../arm-none-eabi/lib/thumb/v7e-m/crt0.o (exit)
c:/st/stm32cubeide_1.4.0/stm32cubeide/plugins/com.st.stm32cube.ide.mcu.externaltools.gnu-tools-for-stm32.7-2018-q2-update.win32_1.4.0.202007081208/tools/bin/../lib/gcc/arm-none-eabi/7.3.1/../../../../arm-none-eabi/lib/thumb/v7e-m\libc_nano.a(lib_a-impure.o)
                              c:/st/stm32cubeide_1.4.0/stm32cubeide/plugins/com.st.stm32cube.ide.mcu.externaltools.gnu-tools-for-stm32.7-2018-q2-update.win32_1.4.0.202007081208/tools/bin/../lib/gcc/arm-none-eabi/7.3.1/../../../../arm-none-eabi/lib/thumb/v7e-m\libc_nano.a(lib_a-exit.o) (_global_impure_ptr)
c:/st/stm32cubeide_1.4.0/stm32cubeide/plugins/com.st.stm32cube.ide.mcu.externaltools.gnu-tools-for-stm32.7-2018-q2-update.win32_1.4.0.202007081208/tools/bin/../lib/gcc/arm-none-eabi/7.3.1/../../../../arm-none-eabi/lib/thumb/v7e-m\libc_nano.a(lib_a-init.o)
                              c:/st/stm32cubeide_1.4.0/stm32cubeide/plugins/com.st.stm32cube.ide.mcu.externaltools.gnu-tools-for-stm32.7-2018-q2-update.win32_1.4.0.202007081208/tools/bin/../lib/gcc/arm-none-eabi/7.3.1/../../../../arm-none-eabi/lib/thumb/v7e-m/crt0.o (__libc_init_array)
c:/st/stm32cubeide_1.4.0/stm32cubeide/plugins/com.st.stm32cube.ide.mcu.externaltools.gnu-tools-for-stm32.7-2018-q2-update.win32_1.4.0.202007081208/tools/bin/../lib/gcc/arm-none-eabi/7.3.1/../../../../arm-none-eabi/lib/thumb/v7e-m\libc_nano.a(lib_a-memset.o)
                              c:/st/stm32cubeide_1.4.0/stm32cubeide/plugins/com.st.stm32cube.ide.mcu.externaltools.gnu-tools-for-stm32.7-2018-q2-update.win32_1.4.0.202007081208/tools/bin/../lib/gcc/arm-none-eabi/7.3.1/../../../../arm-none-eabi/lib/thumb/v7e-m/crt0.o (memset)
c:/st/stm32cubeide_1.4.0/stm32cubeide/plugins/com.st.stm32cube.ide.mcu.externaltools.gnu-tools-for-stm32.7-2018-q2-update.win32_1.4.0.202007081208/tools/bin/../lib/gcc/arm-none-eabi/7.3.1/../../../../arm-none-eabi/lib/thumb/v7e-m\libc_nano.a(lib_a-printf.o)
                              Src/I2C_MASTER_RECEIVE_IT.o (printf)
c:/st/stm32cubeide_1.4.0/stm32cubeide/plugins/com.st.stm32cube.ide.mcu.externaltools.gnu-tools-for-stm32.7-2018-q2-update.win32_1.4.0.202007081208/tools/bin/../lib/gcc/arm-none-eabi/7.3.1/../../../../arm-none-eabi/lib/thumb/v7e-m\libc_nano.a(lib_a-puts.o)
                              Src/I2C_MASTER_RECEIVE_IT.o (puts)
c:/st/stm32cubeide_1.4.0/stm32cubeide/plugins/com.st.stm32cube.ide.mcu.externaltools.gnu-tools-for-stm32.7-2018-q2-update.win32_1.4.0.202007081208/tools/bin/../lib/gcc/arm-none-eabi/7.3.1/../../../../arm-none-eabi/lib/thumb/v7e-m\libc_nano.a(lib_a-wbuf.o)
                              c:/st/stm32cubeide_1.4.0/stm32cubeide/plugins/com.st.stm32cube.ide.mcu.externaltools.gnu-tools-for-stm32.7-2018-q2-update.win32_1.4.0.202007081208/tools/bin/../lib/gcc/arm-none-eabi/7.3.1/../../../../arm-none-eabi/lib/thumb/v7e-m\libc_nano.a(lib_a-puts.o) (__swbuf_r)
c:/st/stm32cubeide_1.4.0/stm32cubeide/plugins/com.st.stm32cube.ide.mcu.externaltools.gnu-tools-for-stm32.7-2018-q2-update.win32_1.4.0.202007081208/tools/bin/../lib/gcc/arm-none-eabi/7.3.1/../../../../arm-none-eabi/lib/thumb/v7e-m\libc_nano.a(lib_a-wsetup.o)
                              c:/st/stm32cubeide_1.4.0/stm32cubeide/plugins/com.st.stm32cube.ide.mcu.externaltools.gnu-tools-for-stm32.7-2018-q2-update.win32_1.4.0.202007081208/tools/bin/../lib/gcc/arm-none-eabi/7.3.1/../../../../arm-none-eabi/lib/thumb/v7e-m\libc_nano.a(lib_a-puts.o) (__swsetup_r)
c:/st/stm32cubeide_1.4.0/stm32cubeide/plugins/com.st.stm32cube.ide.mcu.externaltools.gnu-tools-for-stm32.7-2018-q2-update.win32_1.4.0.202007081208/tools/bin/../lib/gcc/arm-none-eabi/7.3.1/../../../../arm-none-eabi/lib/thumb/v7e-m\libc_nano.a(lib_a-fflush.o)
                              c:/st/stm32cubeide_1.4.0/stm32cubeide/plugins/com.st.stm32cube.ide.mcu.externaltools.gnu-tools-for-stm32.7-2018-q2-update.win32_1.4.0.202007081208/tools/bin/../lib/gcc/arm-none-eabi/7.3.1/../../../../arm-none-eabi/lib/thumb/v7e-m\libc_nano.a(lib_a-wbuf.o) (_fflush_r)
[...]
Memory Configuration

Name             Origin             Length             Attributes
RAM              0x0000000020000000 0x0000000000018000 xrw
ROM              0x0000000008000000 0x0000000000100000 xr
*default*        0x0000000000000000 0xffffffffffffffff

Linker script and memory map

LOAD c:/st/stm32cubeide_1.4.0/stm32cubeide/plugins/com.st.stm32cube.ide.mcu.externaltools.gnu-tools-for-stm32.7-2018-q2-update.win32_1.4.0.202007081208/tools/bin/../lib/gcc/arm-none-eabi/7.3.1/thumb/v7e-m/crti.o
LOAD c:/st/stm32cubeide_1.4.0/stm32cubeide/plugins/com.st.stm32cube.ide.mcu.externaltools.gnu-tools-for-stm32.7-2018-q2-update.win32_1.4.0.202007081208/tools/bin/../lib/gcc/arm-none-eabi/7.3.1/thumb/v7e-m/crtbegin.o
LOAD c:/st/stm32cubeide_1.4.0/stm32cubeide/plugins/com.st.stm32cube.ide.mcu.externaltools.gnu-tools-for-stm32.7-2018-q2-update.win32_1.4.0.202007081208/tools/bin/../lib/gcc/arm-none-eabi/7.3.1/../../../../arm-none-eabi/lib/thumb/v7e-m/crt0.o
LOAD Driver/src/stm32f4xx_GPIO_driver.o
LOAD Driver/src/stm32f4xx_I2C_driver.o
LOAD Driver/src/stm32f4xx_RCC_driver.o
LOAD Driver/src/stm32f4xx_SPI_driver.o
LOAD Driver/src/stm32f4xx_UART_driver.o
LOAD Src/I2C_MASTER_RECEIVE_IT.o
LOAD Src/syscalls.o
LOAD Src/sysmem.o
LOAD Startup/startup_stm32l475vgtx.o
START GROUP
LOAD c:/st/stm32cubeide_1.4.0/stm32cubeide/plugins/com.st.stm32cube.ide.mcu.externaltools.gnu-tools-for-stm32.7-2018-q2-update.win32_1.4.0.202007081208/tools/bin/../lib/gcc/arm-none-eabi/7.3.1/../../../../arm-none-eabi/lib/thumb/v7e-m\libc_nano.a
LOAD c:/st/stm32cubeide_1.4.0/stm32cubeide/plugins/com.st.stm32cube.ide.mcu.externaltools.gnu-tools-for-stm32.7-2018-q2-update.win32_1.4.0.202007081208/tools/bin/../lib/gcc/arm-none-eabi/7.3.1/../../../../arm-none-eabi/lib/thumb/v7e-m\libm.a
END GROUP
START GROUP
LOAD c:/st/stm32cubeide_1.4.0/stm32cubeide/plugins/com.st.stm32cube.ide.mcu.externaltools.gnu-tools-for-stm32.7-2018-q2-update.win32_1.4.0.202007081208/tools/bin/../lib/gcc/arm-none-eabi/7.3.1/thumb/v7e-m\libgcc.a
LOAD c:/st/stm32cubeide_1.4.0/stm32cubeide/plugins/com.st.stm32cube.ide.mcu.externaltools.gnu-tools-for-stm32.7-2018-q2-update.win32_1.4.0.202007081208/tools/bin/../lib/gcc/arm-none-eabi/7.3.1/../../../../arm-none-eabi/lib/thumb/v7e-m\libc_nano.a
END GROUP
START GROUP
LOAD c:/st/stm32cubeide_1.4.0/stm32cubeide/plugins/com.st.stm32cube.ide.mcu.externaltools.gnu-tools-for-stm32.7-2018-q2-update.win32_1.4.0.202007081208/tools/bin/../lib/gcc/arm-none-eabi/7.3.1/thumb/v7e-m\libgcc.a
LOAD c:/st/stm32cubeide_1.4.0/stm32cubeide/plugins/com.st.stm32cube.ide.mcu.externaltools.gnu-tools-for-stm32.7-2018-q2-update.win32_1.4.0.202007081208/tools/bin/../lib/gcc/arm-none-eabi/7.3.1/../../../../arm-none-eabi/lib/thumb/v7e-m\libc_nano.a
LOAD c:/st/stm32cubeide_1.4.0/stm32cubeide/plugins/com.st.stm32cube.ide.mcu.externaltools.gnu-tools-for-stm32.7-2018-q2-update.win32_1.4.0.202007081208/tools/bin/../lib/gcc/arm-none-eabi/7.3.1/../../../../arm-none-eabi/lib/thumb/v7e-m\libnosys.a
END GROUP
START GROUP
LOAD c:/st/stm32cubeide_1.4.0/stm32cubeide/plugins/com.st.stm32cube.ide.mcu.externaltools.gnu-tools-for-stm32.7-2018-q2-update.win32_1.4.0.202007081208/tools/bin/../lib/gcc/arm-none-eabi/7.3.1/thumb/v7e-m\libgcc.a
LOAD c:/st/stm32cubeide_1.4.0/stm32cubeide/plugins/com.st.stm32cube.ide.mcu.externaltools.gnu-tools-for-stm32.7-2018-q2-update.win32_1.4.0.202007081208/tools/bin/../lib/gcc/arm-none-eabi/7.3.1/../../../../arm-none-eabi/lib/thumb/v7e-m\libc_nano.a
LOAD c:/st/stm32cubeide_1.4.0/stm32cubeide/plugins/com.st.stm32cube.ide.mcu.externaltools.gnu-tools-for-stm32.7-2018-q2-update.win32_1.4.0.202007081208/tools/bin/../lib/gcc/arm-none-eabi/7.3.1/../../../../arm-none-eabi/lib/thumb/v7e-m\libnosys.a
END GROUP
LOAD c:/st/stm32cubeide_1.4.0/stm32cubeide/plugins/com.st.stm32cube.ide.mcu.externaltools.gnu-tools-for-stm32.7-2018-q2-update.win32_1.4.0.202007081208/tools/bin/../lib/gcc/arm-none-eabi/7.3.1/thumb/v7e-m/crtend.o
LOAD c:/st/stm32cubeide_1.4.0/stm32cubeide/plugins/com.st.stm32cube.ide.mcu.externaltools.gnu-tools-for-stm32.7-2018-q2-update.win32_1.4.0.202007081208/tools/bin/../lib/gcc/arm-none-eabi/7.3.1/thumb/v7e-m/crtn.o
                0x0000000020018000                _estack = (ORIGIN (RAM) + LENGTH (RAM))
                0x0000000000000200                _Min_Heap_Size = 0x200
                0x0000000000000400                _Min_Stack_Size = 0x400

.isr_vector     0x0000000008000000      0x188
                0x0000000008000000                . = ALIGN (0x4)
 *(.isr_vector)
 .isr_vector    0x0000000008000000      0x188 Startup/startup_stm32l475vgtx.o
                0x0000000008000000                g_pfnVectors
                0x0000000008000188                . = ALIGN (0x4)

.text           0x0000000008000190     0x22d4
                0x0000000008000190                . = ALIGN (0x4)
 *(.text)
 .text          0x0000000008000190       0x40 c:/st/stm32cubeide_1.4.0/stm32cubeide/plugins/com.st.stm32cube.ide.mcu.externaltools.gnu-tools-for-stm32.7-2018-q2-update.win32_1.4.0.202007081208/tools/bin/../lib/gcc/arm-none-eabi/7.3.1/thumb/v7e-m/crtbegin.o
 .text          0x00000000080001d0       0xa0 c:/st/stm32cubeide_1.4.0/stm32cubeide/plugins/com.st.stm32cube.ide.mcu.externaltools.gnu-tools-for-stm32.7-2018-q2-update.win32_1.4.0.202007081208/tools/bin/../lib/gcc/arm-none-eabi/7.3.1/../../../../arm-none-eabi/lib/thumb/v7e-m\libc_nano.a(lib_a-memchr.o)
                0x00000000080001d0                memchr
 *(.text*)
 .text.GPIO_PeriClockControl
                0x0000000008000270      0x108 Driver/src/stm32f4xx_GPIO_driver.o
                0x0000000008000270                GPIO_PeriClockControl
 .text.GPIO_Init
                0x0000000008000378      0x338 Driver/src/stm32f4xx_GPIO_driver.o
                0x0000000008000378                GPIO_Init
 .text.GPIO_ReadFromInputPin
                0x00000000080006b0       0x2a Driver/src/stm32f4xx_GPIO_driver.o
                0x00000000080006b0                GPIO_ReadFromInputPin
 .text.I2C_GenerateStartCondition
                0x00000000080006da       0x1e Driver/src/stm32f4xx_I2C_driver.o
 .text.I2C_ExecuteAddressPhaseWrite
                0x00000000080006f8       0x2a Driver/src/stm32f4xx_I2C_driver.o
 .text.I2C_ExecuteAddressPhaseRead
                0x0000000008000722       0x2a Driver/src/stm32f4xx_I2C_driver.o
 .text.I2C_ClearADDRFlag
                0x000000000800074c       0x6e Driver/src/stm32f4xx_I2C_driver.o
 .text.I2C_GenerateStopCondition
                0x00000000080007ba       0x1e Driver/src/stm32f4xx_I2C_driver.o
                0x00000000080007ba                I2C_GenerateStopCondition
 .text.I2C_PeripheralControl
                0x00000000080007d8       0x36 Driver/src/stm32f4xx_I2C_driver.o
                0x00000000080007d8                I2C_PeripheralControl
 *fill*         0x000000000800080e        0x2 
 .text.I2C_PeriClockControl
                0x0000000008000810       0x6c Driver/src/stm32f4xx_I2C_driver.o
                0x0000000008000810                I2C_PeriClockControl
 .text.I2C_Init
                0x000000000800087c      0x164 Driver/src/stm32f4xx_I2C_driver.o
                0x000000000800087c                I2C_Init
 .text.I2C_ManageAcking
                0x00000000080009e0       0x36 Driver/src/stm32f4xx_I2C_driver.o
                0x00000000080009e0                I2C_ManageAcking
 *fill*         0x0000000008000a16        0x2 
 .text.I2C_IRQInterruptConfig
                0x0000000008000a18      0x108 Driver/src/stm32f4xx_I2C_driver.o
                0x0000000008000a18                I2C_IRQInterruptConfig
 .text.I2C_MasterSendDataIT
                0x0000000008000b20       0x86 Driver/src/stm32f4xx_I2C_driver.o
                0x0000000008000b20                I2C_MasterSendDataIT
 .text.I2C_MasterReceiveDataIT
                0x0000000008000ba6       0x94 Driver/src/stm32f4xx_I2C_driver.o
                0x0000000008000ba6                I2C_MasterReceiveDataIT
 .text.I2C_MasterHandleTXEInterrupt
                0x0000000008000c3a       0x3a Driver/src/stm32f4xx_I2C_driver.o
 .text.I2C_MasterHandleRXNEInterrupt
                0x0000000008000c74       0x98 Driver/src/stm32f4xx_I2C_driver.o
 .text.I2C_CloseReceiveData
                0x0000000008000d0c       0x5c Driver/src/stm32f4xx_I2C_driver.o
                0x0000000008000d0c                I2C_CloseReceiveData
 .text.I2C_CloseSendData
                0x0000000008000d68       0x44 Driver/src/stm32f4xx_I2C_driver.o
                0x0000000008000d68                I2C_CloseSendData
 .text.I2C_EV_IRQHandling
                0x0000000008000dac      0x1b8 Driver/src/stm32f4xx_I2C_driver.o
                0x0000000008000dac                I2C_EV_IRQHandling
 .text.I2C_ER_IRQHandling
                0x0000000008000f64      0x10c Driver/src/stm32f4xx_I2C_driver.o
                0x0000000008000f64                I2C_ER_IRQHandling
 .text.RCC_GetPCLK1Value
                0x0000000008001070       0xb0 Driver/src/stm32f4xx_RCC_driver.o
                0x0000000008001070                RCC_GetPCLK1Value
 .text.RCC_GetPLLOutputClock
                0x0000000008001120        0xe Driver/src/stm32f4xx_RCC_driver.o
                0x0000000008001120                RCC_GetPLLOutputClock
 *fill*         0x000000000800112e        0x2 
 .text.delay    0x0000000008001130       0x28 Src/I2C_MASTER_RECEIVE_IT.o
                0x0000000008001130                delay
 .text.I2C1_GPIOInits
                0x0000000008001158       0x44 Src/I2C_MASTER_RECEIVE_IT.o
                0x0000000008001158                I2C1_GPIOInits
 .text.I2C1_Inits
                0x000000000800119c       0x38 Src/I2C_MASTER_RECEIVE_IT.o
                0x000000000800119c                I2C1_Inits
 .text.GPIO_ButtonInit
                0x00000000080011d4       0x5c Src/I2C_MASTER_RECEIVE_IT.o
                0x00000000080011d4                GPIO_ButtonInit
 .text.main     0x0000000008001230      0x100 Src/I2C_MASTER_RECEIVE_IT.o
                0x0000000008001230                main
 .text.I2C1_EV_IRQHandler
                0x0000000008001330       0x14 Src/I2C_MASTER_RECEIVE_IT.o
                0x0000000008001330                I2C1_EV_IRQHandler
 .text.I2C1_ER_IRQHandler
                0x0000000008001344       0x14 Src/I2C_MASTER_RECEIVE_IT.o
                0x0000000008001344                I2C1_ER_IRQHandler
 .text.I2C_ApplicationEventCallback
                0x0000000008001358       0x64 Src/I2C_MASTER_RECEIVE_IT.o
                0x0000000008001358                I2C_ApplicationEventCallback
 .text.initialise_monitor_handles
                0x00000000080013bc        0xc Src/syscalls.o
                0x00000000080013bc                initialise_monitor_handles
 .text._read    0x00000000080013c8       0x3a Src/syscalls.o
                0x00000000080013c8                _read
 .text._write   0x0000000008001402       0x38 Src/syscalls.o
                0x0000000008001402                _write
 .text._close   0x000000000800143a       0x16 Src/syscalls.o
                0x000000000800143a                _close
 .text._fstat   0x0000000008001450       0x1e Src/syscalls.o
                0x0000000008001450                _fstat
 .text._isatty  0x000000000800146e       0x14 Src/syscalls.o
                0x000000000800146e                _isatty
 .text._lseek   0x0000000008001482       0x18 Src/syscalls.o
                0x0000000008001482                _lseek
 *fill*         0x000000000800149a        0x2 
 .text._sbrk    0x000000000800149c       0x6c Src/sysmem.o
                0x000000000800149c                _sbrk
 .text.Reset_Handler
                0x0000000008001508       0x50 Startup/startup_stm32l475vgtx.o
                0x0000000008001508                Reset_Handler
 .text.Default_Handler
                0x0000000008001558        0x2 Startup/startup_stm32l475vgtx.o
                0x0000000008001558                EXTI2_IRQHandler
                0x0000000008001558                TIM8_TRG_COM_IRQHandler
                0x0000000008001558                TIM8_CC_IRQHandler
                0x0000000008001558                DebugMon_Handler
                0x0000000008001558                DMA1_CH4_IRQHandler
                0x0000000008001558                TIM1_CC_IRQHandler
                0x0000000008001558                TSC_IRQHandler
                0x0000000008001558                HardFault_Handler
                0x0000000008001558                SysTick_Handler
                0x0000000008001558                TAMP_STAMP_IRQHandler
                0x0000000008001558                PendSV_Handler
                0x0000000008001558                NMI_Handler
                0x0000000008001558                EXTI3_IRQHandler
                0x0000000008001558                LPTIM2_IRQHandler
                0x0000000008001558                DFSDM1_FLT1_IRQHandler
                0x0000000008001558                I2C3_ER_IRQHandler
                0x0000000008001558                DFSDM1_FLT2_IRQHandler
                0x0000000008001558                TIM6_DACUNDER_IRQHandler
                0x0000000008001558                EXTI0_IRQHandler
                0x0000000008001558                I2C2_EV_IRQHandler
                0x0000000008001558                DMA2_CH1_IRQHandler
                0x0000000008001558                CAN1_RX0_IRQHandler
                0x0000000008001558                FPU_IRQHandler
                0x0000000008001558                TIM1_UP_TIM16_IRQHandler
                0x0000000008001558                DMA2_CH7_IRQHandler
                0x0000000008001558                UsageFault_Handler
                0x0000000008001558                ADC1_2_IRQHandler
                0x0000000008001558                SPI1_IRQHandler
                0x0000000008001558                DMA1_CH7_IRQHandler
                0x0000000008001558                TIM8_UP_IRQHandler
                0x0000000008001558                RTC_ALARM_IRQHandler
                0x0000000008001558                SAI2_IRQHandler
                0x0000000008001558                DFSDM1_FLT3_IRQHandler
                0x0000000008001558                DMA1_CH6_IRQHandler
                0x0000000008001558                USART3_IRQHandler
                0x0000000008001558                CAN1_RX1_IRQHandler
                0x0000000008001558                LCD_IRQHandler
                0x0000000008001558                UART5_IRQHandler
                0x0000000008001558                ADC3_IRQHandler
                0x0000000008001558                TIM4_IRQHandler
                0x0000000008001558                QUADSPI_IRQHandler
                0x0000000008001558                DMA2_CH5_IRQHandler
                0x0000000008001558                UART4_IRQHandler
                0x0000000008001558                DMA1_CH3_IRQHandler
                0x0000000008001558                TIM3_IRQHandler
                0x0000000008001558                RCC_IRQHandler
                0x0000000008001558                Default_Handler
                0x0000000008001558                EXTI15_10_IRQHandler
                0x0000000008001558                TIM7_IRQHandler
                0x0000000008001558                SDMMC1_IRQHandler
                0x0000000008001558                TIM5_IRQHandler
                0x0000000008001558                I2C3_EV_IRQHandler
                0x0000000008001558                EXTI9_5_IRQHandler
                0x0000000008001558                DMA1_CH2_IRQHandler
                0x0000000008001558                RTC_WKUP_IRQHandler
                0x0000000008001558                PVD_PVM_IRQHandler
                0x0000000008001558                SPI2_IRQHandler
                0x0000000008001558                DMA1_CH1_IRQHandler
                0x0000000008001558                MemManage_Handler
                0x0000000008001558                CAN1_TX_IRQHandler
                0x0000000008001558                SVC_Handler
                0x0000000008001558                EXTI4_IRQHandler
                0x0000000008001558                RNG_IRQHandler
                0x0000000008001558                TIM1_TRG_COM_TIM17_IRQHandler
                0x0000000008001558                COMP_IRQHandler
                0x0000000008001558                WWDG_IRQHandler
                0x0000000008001558                LPUART1_IRQHandler
                0x0000000008001558                TIM2_IRQHandler
                0x0000000008001558                EXTI1_IRQHandler
                0x0000000008001558                AES_IRQHandler
                0x0000000008001558                USART2_IRQHandler
                0x0000000008001558                DFSDM1_FLT0_IRQHandler
                0x0000000008001558                I2C2_ER_IRQHandler
                0x0000000008001558                TIM8_BRK_IRQHandler
                0x0000000008001558                CAN1_SCE_IRQHandler
                0x0000000008001558                FLASH_IRQHandler
                0x0000000008001558                BusFault_Handler
                0x0000000008001558                USART1_IRQHandler
                0x0000000008001558                OTG_FS_IRQHandler
                0x0000000008001558                SPI3_IRQHandler
                0x0000000008001558                DMA2_CH6_IRQHandler
                0x0000000008001558                DMA2_CH3_IRQHandler
                0x0000000008001558                DMA2_CH2_IRQHandler
                0x0000000008001558                FMC_IRQHandler
                0x0000000008001558                DMA1_CH5_IRQHandler
                0x0000000008001558                DMA2_CH4_IRQHandler
                0x0000000008001558                SWPMI1_IRQHandler
                0x0000000008001558                LPTIM1_IRQHandler
                0x0000000008001558                SAI1_IRQHandler
                0x0000000008001558                TIM1_BRK_TIM15_IRQHandler
 *fill*         0x000000000800155a        0x2 
 .text.__errno  0x000000000800155c        0xc c:/st/stm32cubeide_1.4.0/stm32cubeide/plugins/com.st.stm32cube.ide.mcu.externaltools.gnu-tools-for-stm32.7-2018-q2-update.win32_1.4.0.202007081208/tools/bin/../lib/gcc/arm-none-eabi/7.3.1/../../../../arm-none-eabi/lib/thumb/v7e-m\libc_nano.a(lib_a-errno.o)
                0x000000000800155c                __errno
 .text.__libc_init_array
                0x0000000008001568       0x48 c:/st/stm32cubeide_1.4.0/stm32cubeide/plugins/com.st.stm32cube.ide.mcu.externaltools.gnu-tools-for-stm32.7-2018-q2-update.win32_1.4.0.202007081208/tools/bin/../lib/gcc/arm-none-eabi/7.3.1/../../../../arm-none-eabi/lib/thumb/v7e-m\libc_nano.a(lib_a-init.o)
                0x0000000008001568                __libc_init_array
 .text.memset   0x00000000080015b0       0x10 c:/st/stm32cubeide_1.4.0/stm32cubeide/plugins/com.st.stm32cube.ide.mcu.externaltools.gnu-tools-for-stm32.7-2018-q2-update.win32_1.4.0.202007081208/tools/bin/../lib/gcc/arm-none-eabi/7.3.1/../../../../arm-none-eabi/lib/thumb/v7e-m\libc_nano.a(lib_a-memset.o)
                0x00000000080015b0                memset
 .text.printf   0x00000000080015c0       0x30 c:/st/stm32cubeide_1.4.0/stm32cubeide/plugins/com.st.stm32cube.ide.mcu.externaltools.gnu-tools-for-stm32.7-2018-q2-update.win32_1.4.0.202007081208/tools/bin/../lib/gcc/arm-none-eabi/7.3.1/../../../../arm-none-eabi/lib/thumb/v7e-m\libc_nano.a(lib_a-printf.o)
                0x00000000080015c0                iprintf
                0x00000000080015c0                printf
 .text._puts_r  0x00000000080015f0       0xb8 c:/st/stm32cubeide_1.4.0/stm32cubeide/plugins/com.st.stm32cube.ide.mcu.externaltools.gnu-tools-for-stm32.7-2018-q2-update.win32_1.4.0.202007081208/tools/bin/../lib/gcc/arm-none-eabi/7.3.1/../../../../arm-none-eabi/lib/thumb/v7e-m\libc_nano.a(lib_a-puts.o)
                0x00000000080015f0                _puts_r
 .text.puts     0x00000000080016a8       0x10 c:/st/stm32cubeide_1.4.0/stm32cubeide/plugins/com.st.stm32cube.ide.mcu.externaltools.gnu-tools-for-stm32.7-2018-q2-update.win32_1.4.0.202007081208/tools/bin/../lib/gcc/arm-none-eabi/7.3.1/../../../../arm-none-eabi/lib/thumb/v7e-m\libc_nano.a(lib_a-puts.o)
                0x00000000080016a8                puts
 .text.__swbuf_r
                0x00000000080016b8       0xa4 c:/st/stm32cubeide_1.4.0/stm32cubeide/plugins/com.st.stm32cube.ide.mcu.externaltools.gnu-tools-for-stm32.7-2018-q2-update.win32_1.4.0.202007081208/tools/bin/../lib/gcc/arm-none-eabi/7.3.1/../../../../arm-none-eabi/lib/thumb/v7e-m\libc_nano.a(lib_a-wbuf.o)
                0x00000000080016b8                __swbuf_r
 .text.__swsetup_r
                0x000000000800175c       0xdc c:/st/stm32cubeide_1.4.0/stm32cubeide/plugins/com.st.stm32cube.ide.mcu.externaltools.gnu-tools-for-stm32.7-2018-q2-update.win32_1.4.0.202007081208/tools/bin/../lib/gcc/arm-none-eabi/7.3.1/../../../../arm-none-eabi/lib/thumb/v7e-m\libc_nano.a(lib_a-wsetup.o)
                0x000000000800175c                __swsetup_r
 .text.__sflush_r
                0x0000000008001838      0x10c c:/st/stm32cubeide_1.4.0/stm32cubeide/plugins/com.st.stm32cube.ide.mcu.externaltools.gnu-tools-for-stm32.7-2018-q2-update.win32_1.4.0.202007081208/tools/bin/../lib/gcc/arm-none-eabi/7.3.1/../../../../arm-none-eabi/lib/thumb/v7e-m\libc_nano.a(lib_a-fflush.o)
                0x0000000008001838                __sflush_r
 .text._fflush_r
                0x0000000008001944       0x54 c:/st/stm32cubeide_1.4.0/stm32cubeide/plugins/com.st.stm32cube.ide.mcu.externaltools.gnu-tools-for-stm32.7-2018-q2-update.win32_1.4.0.202007081208/tools/bin/../lib/gcc/arm-none-eabi/7.3.1/../../../../arm-none-eabi/lib/thumb/v7e-m\libc_nano.a(lib_a-fflush.o)
                0x0000000008001944                _fflush_r
 .text.std      0x0000000008001998       0x48 c:/st/stm32cubeide_1.4.0/stm32cubeide/plugins/com.st.stm32cube.ide.mcu.externaltools.gnu-tools-for-stm32.7-2018-q2-update.win32_1.4.0.202007081208/tools/bin/../lib/gcc/arm-none-eabi/7.3.1/../../../../arm-none-eabi/lib/thumb/v7e-m\libc_nano.a(lib_a-findfp.o)
 .text._cleanup_r
                0x00000000080019e0        0xc c:/st/stm32cubeide_1.4.0/stm32cubeide/plugins/com.st.stm32cube.ide.mcu.externaltools.gnu-tools-for-stm32.7-2018-q2-update.win32_1.4.0.202007081208/tools/bin/../lib/gcc/arm-none-eabi/7.3.1/../../../../arm-none-eabi/lib/thumb/v7e-m\libc_nano.a(lib_a-findfp.o)
                0x00000000080019e0                _cleanup_r
 .text.__sfmoreglue
                0x00000000080019ec       0x2c c:/st/stm32cubeide_1.4.0/stm32cubeide/plugins/com.st.stm32cube.ide.mcu.externaltools.gnu-tools-for-stm32.7-2018-q2-update.win32_1.4.0.202007081208/tools/bin/../lib/gcc/arm-none-eabi/7.3.1/../../../../arm-none-eabi/lib/thumb/v7e-m\libc_nano.a(lib_a-findfp.o)
                0x00000000080019ec                __sfmoreglue
 .text.__sinit  0x0000000008001a18       0x60 c:/st/stm32cubeide_1.4.0/stm32cubeide/plugins/com.st.stm32cube.ide.mcu.externaltools.gnu-tools-for-stm32.7-2018-q2-update.win32_1.4.0.202007081208/tools/bin/../lib/gcc/arm-none-eabi/7.3.1/../../../../arm-none-eabi/lib/thumb/v7e-m\libc_nano.a(lib_a-findfp.o)
                0x0000000008001a18                __sinit
 .text.__sfp    0x0000000008001a78       0x78 c:/st/stm32cubeide_1.4.0/stm32cubeide/plugins/com.st.stm32cube.ide.mcu.externaltools.gnu-tools-for-stm32.7-2018-q2-update.win32_1.4.0.202007081208/tools/bin/../lib/gcc/arm-none-eabi/7.3.1/../../../../arm-none-eabi/lib/thumb/v7e-m\libc_nano.a(lib_a-findfp.o)
                0x0000000008001a78                __sfp
 .text._fwalk_reent
                0x0000000008001af0       0x3c c:/st/stm32cubeide_1.4.0/stm32cubeide/plugins/com.st.stm32cube.ide.mcu.externaltools.gnu-tools-for-stm32.7-2018-q2-update.win32_1.4.0.202007081208/tools/bin/../lib/gcc/arm-none-eabi/7.3.1/../../../../arm-none-eabi/lib/thumb/v7e-m\libc_nano.a(lib_a-fwalk.o)
                0x0000000008001af0                _fwalk_reent
 .text.__swhatbuf_r
                0x0000000008001b2c       0x48 c:/st/stm32cubeide_1.4.0/stm32cubeide/plugins/com.st.stm32cube.ide.mcu.externaltools.gnu-tools-for-stm32.7-2018-q2-update.win32_1.4.0.202007081208/tools/bin/../lib/gcc/arm-none-eabi/7.3.1/../../../../arm-none-eabi/lib/thumb/v7e-m\libc_nano.a(lib_a-makebuf.o)
                0x0000000008001b2c                __swhatbuf_r
 .text.__smakebuf_r
                0x0000000008001b74       0x80 c:/st/stm32cubeide_1.4.0/stm32cubeide/plugins/com.st.stm32cube.ide.mcu.externaltools.gnu-tools-for-stm32.7-2018-q2-update.win32_1.4.0.202007081208/tools/bin/../lib/gcc/arm-none-eabi/7.3.1/../../../../arm-none-eabi/lib/thumb/v7e-m\libc_nano.a(lib_a-makebuf.o)
                0x0000000008001b74                __smakebuf_r
 .text._free_r  0x0000000008001bf4       0x9c c:/st/stm32cubeide_1.4.0/stm32cubeide/plugins/com.st.stm32cube.ide.mcu.externaltools.gnu-tools-for-stm32.7-2018-q2-update.win32_1.4.0.202007081208/tools/bin/../lib/gcc/arm-none-eabi/7.3.1/../../../../arm-none-eabi/lib/thumb/v7e-m\libc_nano.a(lib_a-nano-freer.o)
                0x0000000008001bf4                _free_r
 .text._malloc_r
                0x0000000008001c90       0xb4 c:/st/stm32cubeide_1.4.0/stm32cubeide/plugins/com.st.stm32cube.ide.mcu.externaltools.gnu-tools-for-stm32.7-2018-q2-update.win32_1.4.0.202007081208/tools/bin/../lib/gcc/arm-none-eabi/7.3.1/../../../../arm-none-eabi/lib/thumb/v7e-m\libc_nano.a(lib_a-nano-mallocr.o)
                0x0000000008001c90                _malloc_r
 .text.__sfputc_r
                0x0000000008001d44       0x2a c:/st/stm32cubeide_1.4.0/stm32cubeide/plugins/com.st.stm32cube.ide.mcu.externaltools.gnu-tools-for-stm32.7-2018-q2-update.win32_1.4.0.202007081208/tools/bin/../lib/gcc/arm-none-eabi/7.3.1/../../../../arm-none-eabi/lib/thumb/v7e-m\libc_nano.a(lib_a-nano-vfprintf.o)
 .text.__sfputs_r
                0x0000000008001d6e       0x24 c:/st/stm32cubeide_1.4.0/stm32cubeide/plugins/com.st.stm32cube.ide.mcu.externaltools.gnu-tools-for-stm32.7-2018-q2-update.win32_1.4.0.202007081208/tools/bin/../lib/gcc/arm-none-eabi/7.3.1/../../../../arm-none-eabi/lib/thumb/v7e-m\libc_nano.a(lib_a-nano-vfprintf.o)
                0x0000000008001d6e                __sfputs_r
 *fill*         0x0000000008001d92        0x2 
 .text._vfprintf_r
                0x0000000008001d94      0x22c c:/st/stm32cubeide_1.4.0/stm32cubeide/plugins/com.st.stm32cube.ide.mcu.externaltools.gnu-tools-for-stm32.7-2018-q2-update.win32_1.4.0.202007081208/tools/bin/../lib/gcc/arm-none-eabi/7.3.1/../../../../arm-none-eabi/lib/thumb/v7e-m\libc_nano.a(lib_a-nano-vfprintf.o)
                0x0000000008001d94                _vfprintf_r
                0x0000000008001d94                _vfiprintf_r
 .text._printf_common
                0x0000000008001fc0       0xea c:/st/stm32cubeide_1.4.0/stm32cubeide/plugins/com.st.stm32cube.ide.mcu.externaltools.gnu-tools-for-stm32.7-2018-q2-update.win32_1.4.0.202007081208/tools/bin/../lib/gcc/arm-none-eabi/7.3.1/../../../../arm-none-eabi/lib/thumb/v7e-m\libc_nano.a(lib_a-nano-vfprintf_i.o)
                0x0000000008001fc0                _printf_common
 *fill*         0x00000000080020aa        0x2 
 .text._printf_i
                0x00000000080020ac      0x224 c:/st/stm32cubeide_1.4.0/stm32cubeide/plugins/com.st.stm32cube.ide.mcu.externaltools.gnu-tools-for-stm32.7-2018-q2-update.win32_1.4.0.202007081208/tools/bin/../lib/gcc/arm-none-eabi/7.3.1/../../../../arm-none-eabi/lib/thumb/v7e-m\libc_nano.a(lib_a-nano-vfprintf_i.o)
                0x00000000080020ac                _printf_i
 .text._sbrk_r  0x00000000080022d0       0x20 c:/st/stm32cubeide_1.4.0/stm32cubeide/plugins/com.st.stm32cube.ide.mcu.externaltools.gnu-tools-for-stm32.7-2018-q2-update.win32_1.4.0.202007081208/tools/bin/../lib/gcc/arm-none-eabi/7.3.1/../../../../arm-none-eabi/lib/thumb/v7e-m\libc_nano.a(lib_a-sbrkr.o)
                0x00000000080022d0                _sbrk_r
 .text.__sread  0x00000000080022f0       0x22 c:/st/stm32cubeide_1.4.0/stm32cubeide/plugins/com.st.stm32cube.ide.mcu.externaltools.gnu-tools-for-stm32.7-2018-q2-update.win32_1.4.0.202007081208/tools/bin/../lib/gcc/arm-none-eabi/7.3.1/../../../../arm-none-eabi/lib/thumb/v7e-m\libc_nano.a(lib_a-stdio.o)
                0x00000000080022f0                __sread
 .text.__swrite
                0x0000000008002312       0x38 c:/st/stm32cubeide_1.4.0/stm32cubeide/plugins/com.st.stm32cube.ide.mcu.externaltools.gnu-tools-for-stm32.7-2018-q2-update.win32_1.4.0.202007081208/tools/bin/../lib/gcc/arm-none-eabi/7.3.1/../../../../arm-none-eabi/lib/thumb/v7e-m\libc_nano.a(lib_a-stdio.o)
                0x0000000008002312                __swrite
 .text.__sseek  0x000000000800234a       0x24 c:/st/stm32cubeide_1.4.0/stm32cubeide/plugins/com.st.stm32cube.ide.mcu.externaltools.gnu-tools-for-stm32.7-2018-q2-update.win32_1.4.0.202007081208/tools/bin/../lib/gcc/arm-none-eabi/7.3.1/../../../../arm-none-eabi/lib/thumb/v7e-m\libc_nano.a(lib_a-stdio.o)
                0x000000000800234a                __sseek
 .text.__sclose
                0x000000000800236e        0x8 c:/st/stm32cubeide_1.4.0/stm32cubeide/plugins/com.st.stm32cube.ide.mcu.externaltools.gnu-tools-for-stm32.7-2018-q2-update.win32_1.4.0.202007081208/tools/bin/../lib/gcc/arm-none-eabi/7.3.1/../../../../arm-none-eabi/lib/thumb/v7e-m\libc_nano.a(lib_a-stdio.o)
                0x000000000800236e                __sclose
 *fill*         0x0000000008002376        0x2 
 .text._write_r
                0x0000000008002378       0x24 c:/st/stm32cubeide_1.4.0/stm32cubeide/plugins/com.st.stm32cube.ide.mcu.externaltools.gnu-tools-for-stm32.7-2018-q2-update.win32_1.4.0.202007081208/tools/bin/../lib/gcc/arm-none-eabi/7.3.1/../../../../arm-none-eabi/lib/thumb/v7e-m\libc_nano.a(lib_a-writer.o)
                0x0000000008002378                _write_r
 .text._close_r
                0x000000000800239c       0x20 c:/st/stm32cubeide_1.4.0/stm32cubeide/plugins/com.st.stm32cube.ide.mcu.externaltools.gnu-tools-for-stm32.7-2018-q2-update.win32_1.4.0.202007081208/tools/bin/../lib/gcc/arm-none-eabi/7.3.1/../../../../arm-none-eabi/lib/thumb/v7e-m\libc_nano.a(lib_a-closer.o)
                0x000000000800239c                _close_r
 .text._fstat_r
                0x00000000080023bc       0x24 c:/st/stm32cubeide_1.4.0/stm32cubeide/plugins/com.st.stm32cube.ide.mcu.externaltools.gnu-tools-for-stm32.7-2018-q2-update.win32_1.4.0.202007081208/tools/bin/../lib/gcc/arm-none-eabi/7.3.1/../../../../arm-none-eabi/lib/thumb/v7e-m\libc_nano.a(lib_a-fstatr.o)
                0x00000000080023bc                _fstat_r
 .text._isatty_r
                0x00000000080023e0       0x20 c:/st/stm32cubeide_1.4.0/stm32cubeide/plugins/com.st.stm32cube.ide.mcu.externaltools.gnu-tools-for-stm32.7-2018-q2-update.win32_1.4.0.202007081208/tools/bin/../lib/gcc/arm-none-eabi/7.3.1/../../../../arm-none-eabi/lib/thumb/v7e-m\libc_nano.a(lib_a-isattyr.o)
                0x00000000080023e0                _isatty_r
 .text._lseek_r
                0x0000000008002400       0x24 c:/st/stm32cubeide_1.4.0/stm32cubeide/plugins/com.st.stm32cube.ide.mcu.externaltools.gnu-tools-for-stm32.7-2018-q2-update.win32_1.4.0.202007081208/tools/bin/../lib/gcc/arm-none-eabi/7.3.1/../../../../arm-none-eabi/lib/thumb/v7e-m\libc_nano.a(lib_a-lseekr.o)
                0x0000000008002400                _lseek_r
 .text.__malloc_lock
                0x0000000008002424        0x2 c:/st/stm32cubeide_1.4.0/stm32cubeide/plugins/com.st.stm32cube.ide.mcu.externaltools.gnu-tools-for-stm32.7-2018-q2-update.win32_1.4.0.202007081208/tools/bin/../lib/gcc/arm-none-eabi/7.3.1/../../../../arm-none-eabi/lib/thumb/v7e-m\libc_nano.a(lib_a-mlock.o)
                0x0000000008002424                __malloc_lock
 .text.__malloc_unlock
                0x0000000008002426        0x2 c:/st/stm32cubeide_1.4.0/stm32cubeide/plugins/com.st.stm32cube.ide.mcu.externaltools.gnu-tools-for-stm32.7-2018-q2-update.win32_1.4.0.202007081208/tools/bin/../lib/gcc/arm-none-eabi/7.3.1/../../../../arm-none-eabi/lib/thumb/v7e-m\libc_nano.a(lib_a-mlock.o)
                0x0000000008002426                __malloc_unlock
 .text._read_r  0x0000000008002428       0x24 c:/st/stm32cubeide_1.4.0/stm32cubeide/plugins/com.st.stm32cube.ide.mcu.externaltools.gnu-tools-for-stm32.7-2018-q2-update.win32_1.4.0.202007081208/tools/bin/../lib/gcc/arm-none-eabi/7.3.1/../../../../arm-none-eabi/lib/thumb/v7e-m\libc_nano.a(lib_a-readr.o)
                0x0000000008002428                _read_r
 *(.glue_7)
 .glue_7        0x000000000800244c        0x0 linker stubs
 *(.glue_7t)
 .glue_7t       0x000000000800244c        0x0 linker stubs
 *(.eh_frame)
 .eh_frame      0x000000000800244c        0x0 c:/st/stm32cubeide_1.4.0/stm32cubeide/plugins/com.st.stm32cube.ide.mcu.externaltools.gnu-tools-for-stm32.7-2018-q2-update.win32_1.4.0.202007081208/tools/bin/../lib/gcc/arm-none-eabi/7.3.1/thumb/v7e-m/crtbegin.o
 *(.init)
 .init          0x000000000800244c        0x4 c:/st/stm32cubeide_1.4.0/stm32cubeide/plugins/com.st.stm32cube.ide.mcu.externaltools.gnu-tools-for-stm32.7-2018-q2-update.win32_1.4.0.202007081208/tools/bin/../lib/gcc/arm-none-eabi/7.3.1/thumb/v7e-m/crti.o
                0x000000000800244c                _init
 .init          0x0000000008002450        0x8 c:/st/stm32cubeide_1.4.0/stm32cubeide/plugins/com.st.stm32cube.ide.mcu.externaltools.gnu-tools-for-stm32.7-2018-q2-update.win32_1.4.0.202007081208/tools/bin/../lib/gcc/arm-none-eabi/7.3.1/thumb/v7e-m/crtn.o
 *(.fini)
 .fini          0x0000000008002458        0x4 c:/st/stm32cubeide_1.4.0/stm32cubeide/plugins/com.st.stm32cube.ide.mcu.externaltools.gnu-tools-for-stm32.7-2018-q2-update.win32_1.4.0.202007081208/tools/bin/../lib/gcc/arm-none-eabi/7.3.1/thumb/v7e-m/crti.o
                0x0000000008002458                _fini
 .fini          0x000000000800245c        0x8 c:/st/stm32cubeide_1.4.0/stm32cubeide/plugins/com.st.stm32cube.ide.mcu.externaltools.gnu-tools-for-stm32.7-2018-q2-update.win32_1.4.0.202007081208/tools/bin/../lib/gcc/arm-none-eabi/7.3.1/thumb/v7e-m/crtn.o
                0x0000000008002464                . = ALIGN (0x4)
                0x0000000008002464                _etext = .

.vfp11_veneer   0x0000000008002464        0x0
 .vfp11_veneer  0x0000000008002464        0x0 linker stubs

.v4_bx          0x0000000008002464        0x0
 .v4_bx         0x0000000008002464        0x0 linker stubs

.iplt           0x0000000008002464        0x0
 .iplt          0x0000000008002464        0x0 c:/st/stm32cubeide_1.4.0/stm32cubeide/plugins/com.st.stm32cube.ide.mcu.externaltools.gnu-tools-for-stm32.7-2018-q2-update.win32_1.4.0.202007081208/tools/bin/../lib/gcc/arm-none-eabi/7.3.1/thumb/v7e-m/crtbegin.o

.rodata         0x0000000008002464       0xf0
                0x0000000008002464                . = ALIGN (0x4)
 *(.rodata)
 .rodata        0x0000000008002464       0x58 Src/I2C_MASTER_RECEIVE_IT.o
 *(.rodata*)
 .rodata._global_impure_ptr
                0x00000000080024bc        0x4 c:/st/stm32cubeide_1.4.0/stm32cubeide/plugins/com.st.stm32cube.ide.mcu.externaltools.gnu-tools-for-stm32.7-2018-q2-update.win32_1.4.0.202007081208/tools/bin/../lib/gcc/arm-none-eabi/7.3.1/../../../../arm-none-eabi/lib/thumb/v7e-m\libc_nano.a(lib_a-impure.o)
                0x00000000080024bc                _global_impure_ptr
 .rodata.__sf_fake_stderr
                0x00000000080024c0       0x20 c:/st/stm32cubeide_1.4.0/stm32cubeide/plugins/com.st.stm32cube.ide.mcu.externaltools.gnu-tools-for-stm32.7-2018-q2-update.win32_1.4.0.202007081208/tools/bin/../lib/gcc/arm-none-eabi/7.3.1/../../../../arm-none-eabi/lib/thumb/v7e-m\libc_nano.a(lib_a-findfp.o)
                0x00000000080024c0                __sf_fake_stderr
 .rodata.__sf_fake_stdin
                0x00000000080024e0       0x20 c:/st/stm32cubeide_1.4.0/stm32cubeide/plugins/com.st.stm32cube.ide.mcu.externaltools.gnu-tools-for-stm32.7-2018-q2-update.win32_1.4.0.202007081208/tools/bin/../lib/gcc/arm-none-eabi/7.3.1/../../../../arm-none-eabi/lib/thumb/v7e-m\libc_nano.a(lib_a-findfp.o)
                0x00000000080024e0                __sf_fake_stdin
 .rodata.__sf_fake_stdout
                0x0000000008002500       0x20 c:/st/stm32cubeide_1.4.0/stm32cubeide/plugins/com.st.stm32cube.ide.mcu.externaltools.gnu-tools-for-stm32.7-2018-q2-update.win32_1.4.0.202007081208/tools/bin/../lib/gcc/arm-none-eabi/7.3.1/../../../../arm-none-eabi/lib/thumb/v7e-m\libc_nano.a(lib_a-findfp.o)
                0x0000000008002500                __sf_fake_stdout
 .rodata._vfprintf_r.str1.1
                0x0000000008002520       0x11 c:/st/stm32cubeide_1.4.0/stm32cubeide/plugins/com.st.stm32cube.ide.mcu.externaltools.gnu-tools-for-stm32.7-2018-q2-update.win32_1.4.0.202007081208/tools/bin/../lib/gcc/arm-none-eabi/7.3.1/../../../../arm-none-eabi/lib/thumb/v7e-m\libc_nano.a(lib_a-nano-vfprintf.o)
 .rodata._printf_i.str1.1
                0x0000000008002531       0x22 c:/st/stm32cubeide_1.4.0/stm32cubeide/plugins/com.st.stm32cube.ide.mcu.externaltools.gnu-tools-for-stm32.7-2018-q2-update.win32_1.4.0.202007081208/tools/bin/../lib/gcc/arm-none-eabi/7.3.1/../../../../arm-none-eabi/lib/thumb/v7e-m\libc_nano.a(lib_a-nano-vfprintf_i.o)
                0x0000000008002554                . = ALIGN (0x4)
 *fill*         0x0000000008002553        0x1 

.rel.dyn        0x0000000008002554        0x0
 .rel.iplt      0x0000000008002554        0x0 c:/st/stm32cubeide_1.4.0/stm32cubeide/plugins/com.st.stm32cube.ide.mcu.externaltools.gnu-tools-for-stm32.7-2018-q2-update.win32_1.4.0.202007081208/tools/bin/../lib/gcc/arm-none-eabi/7.3.1/thumb/v7e-m/crtbegin.o

.ARM.extab      0x0000000008002554        0x0
                0x0000000008002554                . = ALIGN (0x4)
 *(.ARM.extab* .gnu.linkonce.armextab.*)
                0x0000000008002554                . = ALIGN (0x4)

.ARM            0x0000000008002554        0x0
                0x0000000008002554                . = ALIGN (0x4)
                0x0000000008002554                __exidx_start = .
 *(.ARM.exidx*)
                0x0000000008002554                __exidx_end = .
                0x0000000008002554                . = ALIGN (0x4)

.preinit_array  0x0000000008002554        0x0
                0x0000000008002554                . = ALIGN (0x4)
                0x0000000008002554                PROVIDE (__preinit_array_start = .)
 *(.preinit_array*)
                0x0000000008002554                PROVIDE (__preinit_array_end = .)
                0x0000000008002554                . = ALIGN (0x4)

.init_array     0x0000000008002554        0x4
                0x0000000008002554                . = ALIGN (0x4)
                0x0000000008002554                PROVIDE (__init_array_start = .)
 *(SORT_BY_NAME(.init_array.*))
 *(.init_array*)
 .init_array    0x0000000008002554        0x4 c:/st/stm32cubeide_1.4.0/stm32cubeide/plugins/com.st.stm32cube.ide.mcu.externaltools.gnu-tools-for-stm32.7-2018-q2-update.win32_1.4.0.202007081208/tools/bin/../lib/gcc/arm-none-eabi/7.3.1/thumb/v7e-m/crtbegin.o
                0x0000000008002558                PROVIDE (__init_array_end = .)
                0x0000000008002558                . = ALIGN (0x4)

.fini_array     0x0000000008002558        0x4
                0x0000000008002558                . = ALIGN (0x4)
                [!provide]                        PROVIDE (__fini_array_start = .)
 *(SORT_BY_NAME(.fini_array.*))
 *(.fini_array*)
 .fini_array    0x0000000008002558        0x4 c:/st/stm32cubeide_1.4.0/stm32cubeide/plugins/com.st.stm32cube.ide.mcu.externaltools.gnu-tools-for-stm32.7-2018-q2-update.win32_1.4.0.202007081208/tools/bin/../lib/gcc/arm-none-eabi/7.3.1/thumb/v7e-m/crtbegin.o
                [!provide]                        PROVIDE (__fini_array_end = .)
                0x000000000800255c                . = ALIGN (0x4)
                0x000000000800255c                _sidata = LOADADDR (.data)

.data           0x0000000020000000       0x78 load address 0x000000000800255c
                0x0000000020000000                . = ALIGN (0x4)
                0x0000000020000000                _sdata = .
 *(.data)
 *(.data*)
 .data.AHB_PreScaler
                0x0000000020000000       0x10 Driver/src/stm32f4xx_RCC_driver.o
                0x0000000020000000                AHB_PreScaler
 .data.APB1_PreScaler
                0x0000000020000010        0x4 Driver/src/stm32f4xx_RCC_driver.o
                0x0000000020000010                APB1_PreScaler
 .data._impure_ptr
                0x0000000020000014        0x4 c:/st/stm32cubeide_1.4.0/stm32cubeide/plugins/com.st.stm32cube.ide.mcu.externaltools.gnu-tools-for-stm32.7-2018-q2-update.win32_1.4.0.202007081208/tools/bin/../lib/gcc/arm-none-eabi/7.3.1/../../../../arm-none-eabi/lib/thumb/v7e-m\libc_nano.a(lib_a-impure.o)
                0x0000000020000014                _impure_ptr
 .data.impure_data
                0x0000000020000018       0x60 c:/st/stm32cubeide_1.4.0/stm32cubeide/plugins/com.st.stm32cube.ide.mcu.externaltools.gnu-tools-for-stm32.7-2018-q2-update.win32_1.4.0.202007081208/tools/bin/../lib/gcc/arm-none-eabi/7.3.1/../../../../arm-none-eabi/lib/thumb/v7e-m\libc_nano.a(lib_a-impure.o)
                0x0000000020000078                . = ALIGN (0x4)
                0x0000000020000078                _edata = .

.igot.plt       0x0000000020000078        0x0 load address 0x00000000080025d4
 .igot.plt      0x0000000020000078        0x0 c:/st/stm32cubeide_1.4.0/stm32cubeide/plugins/com.st.stm32cube.ide.mcu.externaltools.gnu-tools-for-stm32.7-2018-q2-update.win32_1.4.0.202007081208/tools/bin/../lib/gcc/arm-none-eabi/7.3.1/thumb/v7e-m/crtbegin.o
                0x0000000020000078                . = ALIGN (0x4)

.bss            0x0000000020000078       0x78 load address 0x00000000080025d4
                0x0000000020000078                _sbss = .
                0x0000000020000078                __bss_start__ = _sbss
 *(.bss)
 .bss           0x0000000020000078       0x1c c:/st/stm32cubeide_1.4.0/stm32cubeide/plugins/com.st.stm32cube.ide.mcu.externaltools.gnu-tools-for-stm32.7-2018-q2-update.win32_1.4.0.202007081208/tools/bin/../lib/gcc/arm-none-eabi/7.3.1/thumb/v7e-m/crtbegin.o
 *(.bss*)
 .bss.rxComplt  0x0000000020000094        0x1 Src/I2C_MASTER_RECEIVE_IT.o
                0x0000000020000094                rxComplt
 *fill*         0x0000000020000095        0x3 
 .bss.__sbrk_heap_end
                0x0000000020000098        0x4 Src/sysmem.o
 .bss.__malloc_free_list
                0x000000002000009c        0x4 c:/st/stm32cubeide_1.4.0/stm32cubeide/plugins/com.st.stm32cube.ide.mcu.externaltools.gnu-tools-for-stm32.7-2018-q2-update.win32_1.4.0.202007081208/tools/bin/../lib/gcc/arm-none-eabi/7.3.1/../../../../arm-none-eabi/lib/thumb/v7e-m\libc_nano.a(lib_a-nano-mallocr.o)
                0x000000002000009c                __malloc_free_list
 .bss.__malloc_sbrk_start
                0x00000000200000a0        0x4 c:/st/stm32cubeide_1.4.0/stm32cubeide/plugins/com.st.stm32cube.ide.mcu.externaltools.gnu-tools-for-stm32.7-2018-q2-update.win32_1.4.0.202007081208/tools/bin/../lib/gcc/arm-none-eabi/7.3.1/../../../../arm-none-eabi/lib/thumb/v7e-m\libc_nano.a(lib_a-nano-mallocr.o)
                0x00000000200000a0                __malloc_sbrk_start
 *(COMMON)
 COMMON         0x00000000200000a4       0x48 Src/I2C_MASTER_RECEIVE_IT.o
                0x00000000200000a4                I2C1Handle
                0x00000000200000cc                rcv_buf
 COMMON         0x00000000200000ec        0x4 c:/st/stm32cubeide_1.4.0/stm32cubeide/plugins/com.st.stm32cube.ide.mcu.externaltools.gnu-tools-for-stm32.7-2018-q2-update.win32_1.4.0.202007081208/tools/bin/../lib/gcc/arm-none-eabi/7.3.1/../../../../arm-none-eabi/lib/thumb/v7e-m\libc_nano.a(lib_a-reent.o)
                0x00000000200000ec                errno
                0x00000000200000f0                . = ALIGN (0x4)
                0x00000000200000f0                _ebss = .
                0x00000000200000f0                __bss_end__ = _ebss

._user_heap_stack
                0x00000000200000f0      0x600 load address 0x00000000080025d4
                0x00000000200000f0                . = ALIGN (0x8)
                [!provide]                        PROVIDE (end = .)
                0x00000000200000f0                PROVIDE (_end = .)
                0x00000000200002f0                . = (. + _Min_Heap_Size)
 *fill*         0x00000000200000f0      0x200 
                0x00000000200006f0                . = (. + _Min_Stack_Size)
 *fill*         0x00000000200002f0      0x400 
                0x00000000200006f0                . = ALIGN (0x8)

/DISCARD/
 libc.a(*)
 libm.a(*)
 libgcc.a(*)

.ARM.attributes
                0x0000000000000000       0x2a
 *(.ARM.attributes)
 .ARM.attributes
                0x0000000000000000       0x1e c:/st/stm32cubeide_1.4.0/stm32cubeide/plugins/com.st.stm32cube.ide.mcu.externaltools.gnu-tools-for-stm32.7-2018-q2-update.win32_1.4.0.202007081208/tools/bin/../lib/gcc/arm-none-eabi/7.3.1/thumb/v7e-m/crti.o
 .ARM.attributes
                0x000000000000001e       0x2e c:/st/stm32cubeide_1.4.0/stm32cubeide/plugins/com.st.stm32cube.ide.mcu.externaltools.gnu-tools-for-stm32.7-2018-q2-update.win32_1.4.0.202007081208/tools/bin/../lib/gcc/arm-none-eabi/7.3.1/thumb/v7e-m/crtbegin.o
 .ARM.attributes
                0x000000000000004c       0x33 Driver/src/stm32f4xx_GPIO_driver.o
 .ARM.attributes
                0x000000000000007f       0x33 Driver/src/stm32f4xx_I2C_driver.o
 .ARM.attributes
                0x00000000000000b2       0x33 Driver/src/stm32f4xx_RCC_driver.o
 .ARM.attributes
                0x00000000000000e5       0x33 Src/I2C_MASTER_RECEIVE_IT.o
 .ARM.attributes
                0x0000000000000118       0x33 Src/syscalls.o
 .ARM.attributes
                0x000000000000014b       0x33 Src/sysmem.o
 .ARM.attributes
                0x000000000000017e       0x21 Startup/startup_stm32l475vgtx.o
 .ARM.attributes
                0x000000000000019f       0x2e c:/st/stm32cubeide_1.4.0/stm32cubeide/plugins/com.st.stm32cube.ide.mcu.externaltools.gnu-tools-for-stm32.7-2018-q2-update.win32_1.4.0.202007081208/tools/bin/../lib/gcc/arm-none-eabi/7.3.1/../../../../arm-none-eabi/lib/thumb/v7e-m\libc_nano.a(lib_a-errno.o)
 .ARM.attributes
                0x00000000000001cd       0x2e c:/st/stm32cubeide_1.4.0/stm32cubeide/plugins/com.st.stm32cube.ide.mcu.externaltools.gnu-tools-for-stm32.7-2018-q2-update.win32_1.4.0.202007081208/tools/bin/../lib/gcc/arm-none-eabi/7.3.1/../../../../arm-none-eabi/lib/thumb/v7e-m\libc_nano.a(lib_a-impure.o)
 .ARM.attributes
                0x00000000000001fb       0x2e c:/st/stm32cubeide_1.4.0/stm32cubeide/plugins/com.st.stm32cube.ide.mcu.externaltools.gnu-tools-for-stm32.7-2018-q2-update.win32_1.4.0.202007081208/tools/bin/../lib/gcc/arm-none-eabi/7.3.1/../../../../arm-none-eabi/lib/thumb/v7e-m\libc_nano.a(lib_a-init.o)
 .ARM.attributes
                0x0000000000000229       0x2e c:/st/stm32cubeide_1.4.0/stm32cubeide/plugins/com.st.stm32cube.ide.mcu.externaltools.gnu-tools-for-stm32.7-2018-q2-update.win32_1.4.0.202007081208/tools/bin/../lib/gcc/arm-none-eabi/7.3.1/../../../../arm-none-eabi/lib/thumb/v7e-m\libc_nano.a(lib_a-memset.o)
 .ARM.attributes
                0x0000000000000257       0x2e c:/st/stm32cubeide_1.4.0/stm32cubeide/plugins/com.st.stm32cube.ide.mcu.externaltools.gnu-tools-for-stm32.7-2018-q2-update.win32_1.4.0.202007081208/tools/bin/../lib/gcc/arm-none-eabi/7.3.1/../../../../arm-none-eabi/lib/thumb/v7e-m\libc_nano.a(lib_a-printf.o)
 .ARM.attributes
                0x0000000000000285       0x2e c:/st/stm32cubeide_1.4.0/stm32cubeide/plugins/com.st.stm32cube.ide.mcu.externaltools.gnu-tools-for-stm32.7-2018-q2-update.win32_1.4.0.202007081208/tools/bin/../lib/gcc/arm-none-eabi/7.3.1/../../../../arm-none-eabi/lib/thumb/v7e-m\libc_nano.a(lib_a-puts.o)
 .ARM.attributes
                0x00000000000002b3       0x2e c:/st/stm32cubeide_1.4.0/stm32cubeide/plugins/com.st.stm32cube.ide.mcu.externaltools.gnu-tools-for-stm32.7-2018-q2-update.win32_1.4.0.202007081208/tools/bin/../lib/gcc/arm-none-eabi/7.3.1/../../../../arm-none-eabi/lib/thumb/v7e-m\libc_nano.a(lib_a-wbuf.o)
 .ARM.attributes
                0x00000000000002e1       0x2e c:/st/stm32cubeide_1.4.0/stm32cubeide/plugins/com.st.stm32cube.ide.mcu.externaltools.gnu-tools-for-stm32.7-2018-q2-update.win32_1.4.0.202007081208/tools/bin/../lib/gcc/arm-none-eabi/7.3.1/../../../../arm-none-eabi/lib/thumb/v7e-m\libc_nano.a(lib_a-wsetup.o)
 .ARM.attributes
                0x000000000000030f       0x2e c:/st/stm32cubeide_1.4.0/stm32cubeide/plugins/com.st.stm32cube.ide.mcu.externaltools.gnu-tools-for-stm32.7-2018-q2-update.win32_1.4.0.202007081208/tools/bin/../lib/gcc/arm-none-eabi/7.3.1/../../../../arm-none-eabi/lib/thumb/v7e-m\libc_nano.a(lib_a-fflush.o)
 .ARM.attributes
                0x000000000000033d       0x2e c:/st/stm32cubeide_1.4.0/stm32cubeide/plugins/com.st.stm32cube.ide.mcu.externaltools.gnu-tools-for-stm32.7-2018-q2-update.win32_1.4.0.202007081208/tools/bin/../lib/gcc/arm-none-eabi/7.3.1/../../../../arm-none-eabi/lib/thumb/v7e-m\libc_nano.a(lib_a-findfp.o)
 .ARM.attributes
                0x000000000000036b       0x2e c:/st/stm32cubeide_1.4.0/stm32cubeide/plugins/com.st.stm32cube.ide.mcu.externaltools.gnu-tools-for-stm32.7-2018-q2-update.win32_1.4.0.202007081208/tools/bin/../lib/gcc/arm-none-eabi/7.3.1/../../../../arm-none-eabi/lib/thumb/v7e-m\libc_nano.a(lib_a-fwalk.o)
 .ARM.attributes
                0x0000000000000399       0x2e c:/st/stm32cubeide_1.4.0/stm32cubeide/plugins/com.st.stm32cube.ide.mcu.externaltools.gnu-tools-for-stm32.7-2018-q2-update.win32_1.4.0.202007081208/tools/bin/../lib/gcc/arm-none-eabi/7.3.1/../../../../arm-none-eabi/lib/thumb/v7e-m\libc_nano.a(lib_a-makebuf.o)
 .ARM.attributes
                0x00000000000003c7       0x2e c:/st/stm32cubeide_1.4.0/stm32cubeide/plugins/com.st.stm32cube.ide.mcu.externaltools.gnu-tools-for-stm32.7-2018-q2-update.win32_1.4.0.202007081208/tools/bin/../lib/gcc/arm-none-eabi/7.3.1/../../../../arm-none-eabi/lib/thumb/v7e-m\libc_nano.a(lib_a-nano-freer.o)
 .ARM.attributes
                0x00000000000003f5       0x2e c:/st/stm32cubeide_1.4.0/stm32cubeide/plugins/com.st.stm32cube.ide.mcu.externaltools.gnu-tools-for-stm32.7-2018-q2-update.win32_1.4.0.202007081208/tools/bin/../lib/gcc/arm-none-eabi/7.3.1/../../../../arm-none-eabi/lib/thumb/v7e-m\libc_nano.a(lib_a-nano-mallocr.o)
 .ARM.attributes
                0x0000000000000423       0x2e c:/st/stm32cubeide_1.4.0/stm32cubeide/plugins/com.st.stm32cube.ide.mcu.externaltools.gnu-tools-for-stm32.7-2018-q2-update.win32_1.4.0.202007081208/tools/bin/../lib/gcc/arm-none-eabi/7.3.1/../../../../arm-none-eabi/lib/thumb/v7e-m\libc_nano.a(lib_a-nano-vfprintf.o)
 .ARM.attributes
                0x0000000000000451       0x2e c:/st/stm32cubeide_1.4.0/stm32cubeide/plugins/com.st.stm32cube.ide.mcu.externaltools.gnu-tools-for-stm32.7-2018-q2-update.win32_1.4.0.202007081208/tools/bin/../lib/gcc/arm-none-eabi/7.3.1/../../../../arm-none-eabi/lib/thumb/v7e-m\libc_nano.a(lib_a-nano-vfprintf_i.o)
 .ARM.attributes
                0x000000000000047f       0x2e c:/st/stm32cubeide_1.4.0/stm32cubeide/plugins/com.st.stm32cube.ide.mcu.externaltools.gnu-tools-for-stm32.7-2018-q2-update.win32_1.4.0.202007081208/tools/bin/../lib/gcc/arm-none-eabi/7.3.1/../../../../arm-none-eabi/lib/thumb/v7e-m\libc_nano.a(lib_a-sbrkr.o)
 .ARM.attributes
                0x00000000000004ad       0x2e c:/st/stm32cubeide_1.4.0/stm32cubeide/plugins/com.st.stm32cube.ide.mcu.externaltools.gnu-tools-for-stm32.7-2018-q2-update.win32_1.4.0.202007081208/tools/bin/../lib/gcc/arm-none-eabi/7.3.1/../../../../arm-none-eabi/lib/thumb/v7e-m\libc_nano.a(lib_a-stdio.o)
 .ARM.attributes
                0x00000000000004db       0x2e c:/st/stm32cubeide_1.4.0/stm32cubeide/plugins/com.st.stm32cube.ide.mcu.externaltools.gnu-tools-for-stm32.7-2018-q2-update.win32_1.4.0.202007081208/tools/bin/../lib/gcc/arm-none-eabi/7.3.1/../../../../arm-none-eabi/lib/thumb/v7e-m\libc_nano.a(lib_a-writer.o)
 .ARM.attributes
                0x0000000000000509       0x2e c:/st/stm32cubeide_1.4.0/stm32cubeide/plugins/com.st.stm32cube.ide.mcu.externaltools.gnu-tools-for-stm32.7-2018-q2-update.win32_1.4.0.202007081208/tools/bin/../lib/gcc/arm-none-eabi/7.3.1/../../../../arm-none-eabi/lib/thumb/v7e-m\libc_nano.a(lib_a-closer.o)
 .ARM.attributes
                0x0000000000000537       0x2e c:/st/stm32cubeide_1.4.0/stm32cubeide/plugins/com.st.stm32cube.ide.mcu.externaltools.gnu-tools-for-stm32.7-2018-q2-update.win32_1.4.0.202007081208/tools/bin/../lib/gcc/arm-none-eabi/7.3.1/../../../../arm-none-eabi/lib/thumb/v7e-m\libc_nano.a(lib_a-fstatr.o)
 .ARM.attributes
                0x0000000000000565       0x2e c:/st/stm32cubeide_1.4.0/stm32cubeide/plugins/com.st.stm32cube.ide.mcu.externaltools.gnu-tools-for-stm32.7-2018-q2-update.win32_1.4.0.202007081208/tools/bin/../lib/gcc/arm-none-eabi/7.3.1/../../../../arm-none-eabi/lib/thumb/v7e-m\libc_nano.a(lib_a-isattyr.o)
 .ARM.attributes
                0x0000000000000593       0x2e c:/st/stm32cubeide_1.4.0/stm32cubeide/plugins/com.st.stm32cube.ide.mcu.externaltools.gnu-tools-for-stm32.7-2018-q2-update.win32_1.4.0.202007081208/tools/bin/../lib/gcc/arm-none-eabi/7.3.1/../../../../arm-none-eabi/lib/thumb/v7e-m\libc_nano.a(lib_a-lseekr.o)
 .ARM.attributes
                0x00000000000005c1       0x1c c:/st/stm32cubeide_1.4.0/stm32cubeide/plugins/com.st.stm32cube.ide.mcu.externaltools.gnu-tools-for-stm32.7-2018-q2-update.win32_1.4.0.202007081208/tools/bin/../lib/gcc/arm-none-eabi/7.3.1/../../../../arm-none-eabi/lib/thumb/v7e-m\libc_nano.a(lib_a-memchr.o)
 .ARM.attributes
                0x00000000000005dd       0x2e c:/st/stm32cubeide_1.4.0/stm32cubeide/plugins/com.st.stm32cube.ide.mcu.externaltools.gnu-tools-for-stm32.7-2018-q2-update.win32_1.4.0.202007081208/tools/bin/../lib/gcc/arm-none-eabi/7.3.1/../../../../arm-none-eabi/lib/thumb/v7e-m\libc_nano.a(lib_a-mlock.o)
 .ARM.attributes
                0x000000000000060b       0x2e c:/st/stm32cubeide_1.4.0/stm32cubeide/plugins/com.st.stm32cube.ide.mcu.externaltools.gnu-tools-for-stm32.7-2018-q2-update.win32_1.4.0.202007081208/tools/bin/../lib/gcc/arm-none-eabi/7.3.1/../../../../arm-none-eabi/lib/thumb/v7e-m\libc_nano.a(lib_a-readr.o)
 .ARM.attributes
                0x0000000000000639       0x2e c:/st/stm32cubeide_1.4.0/stm32cubeide/plugins/com.st.stm32cube.ide.mcu.externaltools.gnu-tools-for-stm32.7-2018-q2-update.win32_1.4.0.202007081208/tools/bin/../lib/gcc/arm-none-eabi/7.3.1/../../../../arm-none-eabi/lib/thumb/v7e-m\libc_nano.a(lib_a-reent.o)
 .ARM.attributes
                0x0000000000000667       0x1e c:/st/stm32cubeide_1.4.0/stm32cubeide/plugins/com.st.stm32cube.ide.mcu.externaltools.gnu-tools-for-stm32.7-2018-q2-update.win32_1.4.0.202007081208/tools/bin/../lib/gcc/arm-none-eabi/7.3.1/thumb/v7e-m/crtn.o
OUTPUT(STM32MCU_driver.elf elf32-littlearm)

.debug_info     0x0000000000000000     0x3a02
 .debug_info    0x0000000000000000      0x742 Driver/src/stm32f4xx_GPIO_driver.o
 .debug_info    0x0000000000000742      0xa0f Driver/src/stm32f4xx_I2C_driver.o
 .debug_info    0x0000000000001151      0x3a8 Driver/src/stm32f4xx_RCC_driver.o
 .debug_info    0x00000000000014f9      0xca5 Src/I2C_MASTER_RECEIVE_IT.o
 .debug_info    0x000000000000219e      0xebd Src/syscalls.o
 .debug_info    0x000000000000305b      0x985 Src/sysmem.o
 .debug_info    0x00000000000039e0       0x22 Startup/startup_stm32l475vgtx.o

.debug_abbrev   0x0000000000000000      0xa63
 .debug_abbrev  0x0000000000000000      0x159 Driver/src/stm32f4xx_GPIO_driver.o
 .debug_abbrev  0x0000000000000159      0x200 Driver/src/stm32f4xx_I2C_driver.o
 .debug_abbrev  0x0000000000000359       0xfd Driver/src/stm32f4xx_RCC_driver.o
 .debug_abbrev  0x0000000000000456      0x1ff Src/I2C_MASTER_RECEIVE_IT.o
 .debug_abbrev  0x0000000000000655      0x261 Src/syscalls.o
 .debug_abbrev  0x00000000000008b6      0x19b Src/sysmem.o
 .debug_abbrev  0x0000000000000a51       0x12 Startup/startup_stm32l475vgtx.o

.debug_aranges  0x0000000000000000      0x2d0
 .debug_aranges
                0x0000000000000000       0x70 Driver/src/stm32f4xx_GPIO_driver.o
 .debug_aranges
                0x0000000000000070       0xe8 Driver/src/stm32f4xx_I2C_driver.o
 .debug_aranges
                0x0000000000000158       0x30 Driver/src/stm32f4xx_RCC_driver.o
 .debug_aranges
                0x0000000000000188       0x58 Src/I2C_MASTER_RECEIVE_IT.o
 .debug_aranges
                0x00000000000001e0       0xa8 Src/syscalls.o
 .debug_aranges
                0x0000000000000288       0x20 Src/sysmem.o
 .debug_aranges
                0x00000000000002a8       0x28 Startup/startup_stm32l475vgtx.o

.debug_ranges   0x0000000000000000      0x268
 .debug_ranges  0x0000000000000000       0x60 Driver/src/stm32f4xx_GPIO_driver.o
 .debug_ranges  0x0000000000000060       0xd8 Driver/src/stm32f4xx_I2C_driver.o
 .debug_ranges  0x0000000000000138       0x20 Driver/src/stm32f4xx_RCC_driver.o
 .debug_ranges  0x0000000000000158       0x48 Src/I2C_MASTER_RECEIVE_IT.o
 .debug_ranges  0x00000000000001a0       0x98 Src/syscalls.o
 .debug_ranges  0x0000000000000238       0x10 Src/sysmem.o
 .debug_ranges  0x0000000000000248       0x20 Startup/startup_stm32l475vgtx.o

.debug_macro    0x0000000000000000     0x3908
 .debug_macro   0x0000000000000000       0xc2 Driver/src/stm32f4xx_GPIO_driver.o
 .debug_macro   0x00000000000000c2      0xa66 Driver/src/stm32f4xx_GPIO_driver.o
 .debug_macro   0x0000000000000b28      0x174 Driver/src/stm32f4xx_GPIO_driver.o
 .debug_macro   0x0000000000000c9c       0x22 Driver/src/stm32f4xx_GPIO_driver.o
 .debug_macro   0x0000000000000cbe       0x8e Driver/src/stm32f4xx_GPIO_driver.o
 .debug_macro   0x0000000000000d4c       0x51 Driver/src/stm32f4xx_GPIO_driver.o
 .debug_macro   0x0000000000000d9d       0xef Driver/src/stm32f4xx_GPIO_driver.o
 .debug_macro   0x0000000000000e8c       0x6a Driver/src/stm32f4xx_GPIO_driver.o
 .debug_macro   0x0000000000000ef6      0x1df Driver/src/stm32f4xx_GPIO_driver.o
 .debug_macro   0x00000000000010d5      0x674 Driver/src/stm32f4xx_GPIO_driver.o
 .debug_macro   0x0000000000001749       0xbe Driver/src/stm32f4xx_GPIO_driver.o
 .debug_macro   0x0000000000001807       0xd6 Driver/src/stm32f4xx_GPIO_driver.o
 .debug_macro   0x00000000000018dd      0x107 Driver/src/stm32f4xx_GPIO_driver.o
 .debug_macro   0x00000000000019e4       0xc4 Driver/src/stm32f4xx_GPIO_driver.o
 .debug_macro   0x0000000000001aa8       0xc2 Driver/src/stm32f4xx_I2C_driver.o
 .debug_macro   0x0000000000001b6a       0xca Driver/src/stm32f4xx_I2C_driver.o
 .debug_macro   0x0000000000001c34       0xd0 Driver/src/stm32f4xx_I2C_driver.o
 .debug_macro   0x0000000000001d04       0xbc Driver/src/stm32f4xx_RCC_driver.o
 .debug_macro   0x0000000000001dc0      0x244 Src/I2C_MASTER_RECEIVE_IT.o
 .debug_macro   0x0000000000002004       0x40 Src/I2C_MASTER_RECEIVE_IT.o
 .debug_macro   0x0000000000002044       0x18 Src/I2C_MASTER_RECEIVE_IT.o
 .debug_macro   0x000000000000205c       0x94 Src/I2C_MASTER_RECEIVE_IT.o
 .debug_macro   0x00000000000020f0       0x3c Src/I2C_MASTER_RECEIVE_IT.o
 .debug_macro   0x000000000000212c       0x34 Src/I2C_MASTER_RECEIVE_IT.o
 .debug_macro   0x0000000000002160       0x16 Src/I2C_MASTER_RECEIVE_IT.o
 .debug_macro   0x0000000000002176       0x57 Src/I2C_MASTER_RECEIVE_IT.o
 .debug_macro   0x00000000000021cd       0x97 Src/I2C_MASTER_RECEIVE_IT.o
 .debug_macro   0x0000000000002264      0x330 Src/I2C_MASTER_RECEIVE_IT.o
 .debug_macro   0x0000000000002594       0xfd Src/I2C_MASTER_RECEIVE_IT.o
 .debug_macro   0x0000000000002691       0x10 Src/I2C_MASTER_RECEIVE_IT.o
 .debug_macro   0x00000000000026a1       0x52 Src/I2C_MASTER_RECEIVE_IT.o
 .debug_macro   0x00000000000026f3       0x1f Src/I2C_MASTER_RECEIVE_IT.o
 .debug_macro   0x0000000000002712       0x43 Src/I2C_MASTER_RECEIVE_IT.o
 .debug_macro   0x0000000000002755       0x20 Src/I2C_MASTER_RECEIVE_IT.o
 .debug_macro   0x0000000000002775      0x1a3 Src/I2C_MASTER_RECEIVE_IT.o
 .debug_macro   0x0000000000002918       0x10 Src/I2C_MASTER_RECEIVE_IT.o
 .debug_macro   0x0000000000002928       0x1c Src/I2C_MASTER_RECEIVE_IT.o
 .debug_macro   0x0000000000002944       0x52 Src/I2C_MASTER_RECEIVE_IT.o
 .debug_macro   0x0000000000002996       0x40 Src/I2C_MASTER_RECEIVE_IT.o
 .debug_macro   0x00000000000029d6       0x10 Src/I2C_MASTER_RECEIVE_IT.o
 .debug_macro   0x00000000000029e6       0x40 Src/I2C_MASTER_RECEIVE_IT.o
 .debug_macro   0x0000000000002a26       0xd7 Src/I2C_MASTER_RECEIVE_IT.o
 .debug_macro   0x0000000000002afd       0x1c Src/I2C_MASTER_RECEIVE_IT.o
 .debug_macro   0x0000000000002b19       0x3d Src/I2C_MASTER_RECEIVE_IT.o
 .debug_macro   0x0000000000002b56       0x16 Src/I2C_MASTER_RECEIVE_IT.o
 .debug_macro   0x0000000000002b6c      0x145 Src/I2C_MASTER_RECEIVE_IT.o
 .debug_macro   0x0000000000002cb1       0x16 Src/I2C_MASTER_RECEIVE_IT.o
 .debug_macro   0x0000000000002cc7       0x35 Src/I2C_MASTER_RECEIVE_IT.o
 .debug_macro   0x0000000000002cfc       0x20 Src/I2C_MASTER_RECEIVE_IT.o
 .debug_macro   0x0000000000002d1c      0x243 Src/syscalls.o
 .debug_macro   0x0000000000002f5f       0x10 Src/syscalls.o
 .debug_macro   0x0000000000002f6f       0x10 Src/syscalls.o
 .debug_macro   0x0000000000002f7f       0x10 Src/syscalls.o
 .debug_macro   0x0000000000002f8f       0x35 Src/syscalls.o
 .debug_macro   0x0000000000002fc4      0x122 Src/syscalls.o
 .debug_macro   0x00000000000030e6       0x16 Src/syscalls.o
 .debug_macro   0x00000000000030fc       0x16 Src/syscalls.o
 .debug_macro   0x0000000000003112       0x29 Src/syscalls.o
 .debug_macro   0x000000000000313b       0x10 Src/syscalls.o
 .debug_macro   0x000000000000314b      0x241 Src/syscalls.o
 .debug_macro   0x000000000000338c       0x1c Src/syscalls.o
 .debug_macro   0x00000000000033a8       0x10 Src/syscalls.o
 .debug_macro   0x00000000000033b8      0x189 Src/syscalls.o
 .debug_macro   0x0000000000003541       0x16 Src/syscalls.o
 .debug_macro   0x0000000000003557       0x88 Src/syscalls.o
 .debug_macro   0x00000000000035df       0xee Src/sysmem.o
 .debug_macro   0x00000000000036cd      0x23b Src/sysmem.o

.debug_line     0x0000000000000000     0x27bf
 .debug_line    0x0000000000000000      0x68c Driver/src/stm32f4xx_GPIO_driver.o
 .debug_line    0x000000000000068c      0x84c Driver/src/stm32f4xx_I2C_driver.o
 .debug_line    0x0000000000000ed8      0x4d7 Driver/src/stm32f4xx_RCC_driver.o
 .debug_line    0x00000000000013af      0x791 Src/I2C_MASTER_RECEIVE_IT.o
 .debug_line    0x0000000000001b40      0x739 Src/syscalls.o
 .debug_line    0x0000000000002279      0x4c2 Src/sysmem.o
 .debug_line    0x000000000000273b       0x84 Startup/startup_stm32l475vgtx.o

.debug_str      0x0000000000000000     0xc0fe
 .debug_str     0x0000000000000000     0x6861 Driver/src/stm32f4xx_GPIO_driver.o
                                       0x6a84 (size before relaxing)
 .debug_str     0x0000000000006861      0x383 Driver/src/stm32f4xx_I2C_driver.o
                                       0x6bd1 (size before relaxing)
 .debug_str     0x0000000000006be4       0xbe Driver/src/stm32f4xx_RCC_driver.o
                                       0x68c4 (size before relaxing)
 .debug_str     0x0000000000006ca2     0x41ea Src/I2C_MASTER_RECEIVE_IT.o
                                       0xaad4 (size before relaxing)
 .debug_str     0x000000000000ae8c     0x11db Src/syscalls.o
                                       0x88a9 (size before relaxing)
 .debug_str     0x000000000000c067       0x66 Src/sysmem.o
                                       0x5f77 (size before relaxing)
 .debug_str     0x000000000000c0cd       0x31 Startup/startup_stm32l475vgtx.o
                                         0x8d (size before relaxing)

.comment        0x0000000000000000       0x7b
 .comment       0x0000000000000000       0x7b Driver/src/stm32f4xx_GPIO_driver.o
                                         0x7c (size before relaxing)
 .comment       0x000000000000007b       0x7c Driver/src/stm32f4xx_I2C_driver.o
 .comment       0x000000000000007b       0x7c Driver/src/stm32f4xx_RCC_driver.o
 .comment       0x000000000000007b       0x7c Src/I2C_MASTER_RECEIVE_IT.o
 .comment       0x000000000000007b       0x7c Src/syscalls.o
 .comment       0x000000000000007b       0x7c Src/sysmem.o

.debug_frame    0x0000000000000000     0x11a4
 .debug_frame   0x0000000000000000      0x1c8 Driver/src/stm32f4xx_GPIO_driver.o
 .debug_frame   0x00000000000001c8      0x3f8 Driver/src/stm32f4xx_I2C_driver.o
 .debug_frame   0x00000000000005c0       0x7c Driver/src/stm32f4xx_RCC_driver.o
 .debug_frame   0x000000000000063c      0x118 Src/I2C_MASTER_RECEIVE_IT.o
 .debug_frame   0x0000000000000754      0x2ac Src/syscalls.o
 .debug_frame   0x0000000000000a00       0x34 Src/sysmem.o
 .debug_frame   0x0000000000000a34       0x20 c:/st/stm32cubeide_1.4.0/stm32cubeide/plugins/com.st.stm32cube.ide.mcu.externaltools.gnu-tools-for-stm32.7-2018-q2-update.win32_1.4.0.202007081208/tools/bin/../lib/gcc/arm-none-eabi/7.3.1/../../../../arm-none-eabi/lib/thumb/v7e-m\libc_nano.a(lib_a-errno.o)
 .debug_frame   0x0000000000000a54       0x2c c:/st/stm32cubeide_1.4.0/stm32cubeide/plugins/com.st.stm32cube.ide.mcu.externaltools.gnu-tools-for-stm32.7-2018-q2-update.win32_1.4.0.202007081208/tools/bin/../lib/gcc/arm-none-eabi/7.3.1/../../../../arm-none-eabi/lib/thumb/v7e-m\libc_nano.a(lib_a-init.o)
 .debug_frame   0x0000000000000a80       0x20 c:/st/stm32cubeide_1.4.0/stm32cubeide/plugins/com.st.stm32cube.ide.mcu.externaltools.gnu-tools-for-stm32.7-2018-q2-update.win32_1.4.0.202007081208/tools/bin/../lib/gcc/arm-none-eabi/7.3.1/../../../../arm-none-eabi/lib/thumb/v7e-m\libc_nano.a(lib_a-memset.o)
 .debug_frame   0x0000000000000aa0       0x74 c:/st/stm32cubeide_1.4.0/stm32cubeide/plugins/com.st.stm32cube.ide.mcu.externaltools.gnu-tools-for-stm32.7-2018-q2-update.win32_1.4.0.202007081208/tools/bin/../lib/gcc/arm-none-eabi/7.3.1/../../../../arm-none-eabi/lib/thumb/v7e-m\libc_nano.a(lib_a-printf.o)
 .debug_frame   0x0000000000000b14       0x3c c:/st/stm32cubeide_1.4.0/stm32cubeide/plugins/com.st.stm32cube.ide.mcu.externaltools.gnu-tools-for-stm32.7-2018-q2-update.win32_1.4.0.202007081208/tools/bin/../lib/gcc/arm-none-eabi/7.3.1/../../../../arm-none-eabi/lib/thumb/v7e-m\libc_nano.a(lib_a-puts.o)
 .debug_frame   0x0000000000000b50       0x40 c:/st/stm32cubeide_1.4.0/stm32cubeide/plugins/com.st.stm32cube.ide.mcu.externaltools.gnu-tools-for-stm32.7-2018-q2-update.win32_1.4.0.202007081208/tools/bin/../lib/gcc/arm-none-eabi/7.3.1/../../../../arm-none-eabi/lib/thumb/v7e-m\libc_nano.a(lib_a-wbuf.o)
 .debug_frame   0x0000000000000b90       0x2c c:/st/stm32cubeide_1.4.0/stm32cubeide/plugins/com.st.stm32cube.ide.mcu.externaltools.gnu-tools-for-stm32.7-2018-q2-update.win32_1.4.0.202007081208/tools/bin/../lib/gcc/arm-none-eabi/7.3.1/../../../../arm-none-eabi/lib/thumb/v7e-m\libc_nano.a(lib_a-wsetup.o)
 .debug_frame   0x0000000000000bbc       0x68 c:/st/stm32cubeide_1.4.0/stm32cubeide/plugins/com.st.stm32cube.ide.mcu.externaltools.gnu-tools-for-stm32.7-2018-q2-update.win32_1.4.0.202007081208/tools/bin/../lib/gcc/arm-none-eabi/7.3.1/../../../../arm-none-eabi/lib/thumb/v7e-m\libc_nano.a(lib_a-fflush.o)
 .debug_frame   0x0000000000000c24      0x11c c:/st/stm32cubeide_1.4.0/stm32cubeide/plugins/com.st.stm32cube.ide.mcu.externaltools.gnu-tools-for-stm32.7-2018-q2-update.win32_1.4.0.202007081208/tools/bin/../lib/gcc/arm-none-eabi/7.3.1/../../../../arm-none-eabi/lib/thumb/v7e-m\libc_nano.a(lib_a-findfp.o)
 .debug_frame   0x0000000000000d40       0x54 c:/st/stm32cubeide_1.4.0/stm32cubeide/plugins/com.st.stm32cube.ide.mcu.externaltools.gnu-tools-for-stm32.7-2018-q2-update.win32_1.4.0.202007081208/tools/bin/../lib/gcc/arm-none-eabi/7.3.1/../../../../arm-none-eabi/lib/thumb/v7e-m\libc_nano.a(lib_a-fwalk.o)
 .debug_frame   0x0000000000000d94       0x58 c:/st/stm32cubeide_1.4.0/stm32cubeide/plugins/com.st.stm32cube.ide.mcu.externaltools.gnu-tools-for-stm32.7-2018-q2-update.win32_1.4.0.202007081208/tools/bin/../lib/gcc/arm-none-eabi/7.3.1/../../../../arm-none-eabi/lib/thumb/v7e-m\libc_nano.a(lib_a-makebuf.o)
 .debug_frame   0x0000000000000dec       0x38 c:/st/stm32cubeide_1.4.0/stm32cubeide/plugins/com.st.stm32cube.ide.mcu.externaltools.gnu-tools-for-stm32.7-2018-q2-update.win32_1.4.0.202007081208/tools/bin/../lib/gcc/arm-none-eabi/7.3.1/../../../../arm-none-eabi/lib/thumb/v7e-m\libc_nano.a(lib_a-nano-freer.o)
 .debug_frame   0x0000000000000e24       0x2c c:/st/stm32cubeide_1.4.0/stm32cubeide/plugins/com.st.stm32cube.ide.mcu.externaltools.gnu-tools-for-stm32.7-2018-q2-update.win32_1.4.0.202007081208/tools/bin/../lib/gcc/arm-none-eabi/7.3.1/../../../../arm-none-eabi/lib/thumb/v7e-m\libc_nano.a(lib_a-nano-mallocr.o)
 .debug_frame   0x0000000000000e50       0xac c:/st/stm32cubeide_1.4.0/stm32cubeide/plugins/com.st.stm32cube.ide.mcu.externaltools.gnu-tools-for-stm32.7-2018-q2-update.win32_1.4.0.202007081208/tools/bin/../lib/gcc/arm-none-eabi/7.3.1/../../../../arm-none-eabi/lib/thumb/v7e-m\libc_nano.a(lib_a-nano-vfprintf.o)
 .debug_frame   0x0000000000000efc       0x60 c:/st/stm32cubeide_1.4.0/stm32cubeide/plugins/com.st.stm32cube.ide.mcu.externaltools.gnu-tools-for-stm32.7-2018-q2-update.win32_1.4.0.202007081208/tools/bin/../lib/gcc/arm-none-eabi/7.3.1/../../../../arm-none-eabi/lib/thumb/v7e-m\libc_nano.a(lib_a-nano-vfprintf_i.o)
 .debug_frame   0x0000000000000f5c       0x2c c:/st/stm32cubeide_1.4.0/stm32cubeide/plugins/com.st.stm32cube.ide.mcu.externaltools.gnu-tools-for-stm32.7-2018-q2-update.win32_1.4.0.202007081208/tools/bin/../lib/gcc/arm-none-eabi/7.3.1/../../../../arm-none-eabi/lib/thumb/v7e-m\libc_nano.a(lib_a-sbrkr.o)
 .debug_frame   0x0000000000000f88       0x88 c:/st/stm32cubeide_1.4.0/stm32cubeide/plugins/com.st.stm32cube.ide.mcu.externaltools.gnu-tools-for-stm32.7-2018-q2-update.win32_1.4.0.202007081208/tools/bin/../lib/gcc/arm-none-eabi/7.3.1/../../../../arm-none-eabi/lib/thumb/v7e-m\libc_nano.a(lib_a-stdio.o)
 .debug_frame   0x0000000000001010       0x2c c:/st/stm32cubeide_1.4.0/stm32cubeide/plugins/com.st.stm32cube.ide.mcu.externaltools.gnu-tools-for-stm32.7-2018-q2-update.win32_1.4.0.202007081208/tools/bin/../lib/gcc/arm-none-eabi/7.3.1/../../../../arm-none-eabi/lib/thumb/v7e-m\libc_nano.a(lib_a-writer.o)
 .debug_frame   0x000000000000103c       0x2c c:/st/stm32cubeide_1.4.0/stm32cubeide/plugins/com.st.stm32cube.ide.mcu.externaltools.gnu-tools-for-stm32.7-2018-q2-update.win32_1.4.0.202007081208/tools/bin/../lib/gcc/arm-none-eabi/7.3.1/../../../../arm-none-eabi/lib/thumb/v7e-m\libc_nano.a(lib_a-closer.o)
 .debug_frame   0x0000000000001068       0x2c c:/st/stm32cubeide_1.4.0/stm32cubeide/plugins/com.st.stm32cube.ide.mcu.externaltools.gnu-tools-for-stm32.7-2018-q2-update.win32_1.4.0.202007081208/tools/bin/../lib/gcc/arm-none-eabi/7.3.1/../../../../arm-none-eabi/lib/thumb/v7e-m\libc_nano.a(lib_a-fstatr.o)
 .debug_frame   0x0000000000001094       0x2c c:/st/stm32cubeide_1.4.0/stm32cubeide/plugins/com.st.stm32cube.ide.mcu.externaltools.gnu-tools-for-stm32.7-2018-q2-update.win32_1.4.0.202007081208/tools/bin/../lib/gcc/arm-none-eabi/7.3.1/../../../../arm-none-eabi/lib/thumb/v7e-m\libc_nano.a(lib_a-isattyr.o)
 .debug_frame   0x00000000000010c0       0x2c c:/st/stm32cubeide_1.4.0/stm32cubeide/plugins/com.st.stm32cube.ide.mcu.externaltools.gnu-tools-for-stm32.7-2018-q2-update.win32_1.4.0.202007081208/tools/bin/../lib/gcc/arm-none-eabi/7.3.1/../../../../arm-none-eabi/lib/thumb/v7e-m\libc_nano.a(lib_a-lseekr.o)
 .debug_frame   0x00000000000010ec       0x30 c:/st/stm32cubeide_1.4.0/stm32cubeide/plugins/com.st.stm32cube.ide.mcu.externaltools.gnu-tools-for-stm32.7-2018-q2-update.win32_1.4.0.202007081208/tools/bin/../lib/gcc/arm-none-eabi/7.3.1/../../../../arm-none-eabi/lib/thumb/v7e-m\libc_nano.a(lib_a-mlock.o)
 .debug_frame   0x000000000000111c       0x2c c:/st/stm32cubeide_1.4.0/stm32cubeide/plugins/com.st.stm32cube.ide.mcu.externaltools.gnu-tools-for-stm32.7-2018-q2-update.win32_1.4.0.202007081208/tools/bin/../lib/gcc/arm-none-eabi/7.3.1/../../../../arm-none-eabi/lib/thumb/v7e-m\libc_nano.a(lib_a-readr.o)
 .debug_frame   0x0000000000001148       0x5c c:/st/stm32cubeide_1.4.0/stm32cubeide/plugins/com.st.stm32cube.ide.mcu.externaltools.gnu-tools-for-stm32.7-2018-q2-update.win32_1.4.0.202007081208/tools/bin/../lib/gcc/arm-none-eabi/7.3.1/../../../../arm-none-eabi/lib/thumb/v7e-m\libc_nano.a(lib_a-reent.o)
